---
source: crates/air_formatter_test/src/snapshot_builder.rs
info: r/comment.R
---
# Input

```R
# Hi there!
1 + 2

```


=============================

# Outputs

## Output 1

-----
Indent style: Tab
Indent width: 2
Line ending: LF
Line width: 80
-----

```R
# Hi there!
1 + 2
```
