---
source: crates/air_formatter_test/src/snapshot_builder.rs
info: r/dot_dot_i.R
---
# Input

```R
..1

..10

function(...) {
  ..1 + ..2
}

```


=============================

# Outputs

## Output 1

-----
Indent style: Space
Indent width: 2
Line ending: LF
Line width: 80
Magic line break: Respect
-----

```R
..1

..10

function(...) {
  ..1 + ..2
}
```
