---
source: crates/ruff_server/src/server/api/requests/format_range.rs
expression: output
---

