---
source: crates/ruff_server/src/server/api/requests/format_range.rs
expression: output3
---
0+0
1 + 1
{
	2 + 2
}
3 + 3
