---
source: crates/ruff_server/src/server/api/requests/format_range.rs
expression: output
---
1+1
{
	2 + 2
}
