---
source: crates/air_formatter_test/src/snapshot_builder.rs
info: r/value/double_value.R
---
# Input

```R
1
2.5
1e6
0x123F

```


=============================

# Outputs

## Output 1

-----
Indent style: Space
Indent width: 2
Line ending: LF
Line width: 80
-----

```R
1
2.5
1e6
0x123F
```
