---
source: crates/air_formatter_test/src/snapshot_builder.rs
info: r/directives/skip-generated-by.R
---
# Input

```R
# Generated by foo; do not edit

1 + 1



# bar



2



#foo



```


=============================

# Outputs

## Output 1

-----
Indent style: Space
Indent width: 2
Line ending: LF
Line width: 80
Persistent line breaks: Respect
-----

```R
# Generated by foo; do not edit

1 + 1



# bar



2



#foo


```
