---
source: crates/air_formatter_test/src/snapshot_builder.rs
info: r/crlf/string_value.R
---
# Input

```R
"multiline
string"

```


=============================

# Outputs

## Output 1

-----
Indent style: Space
Indent width: 2
Line ending: LF
Line width: 80
Magic line break: Respect
-----

```R
"multiline
string"
```
