---
source: crates/lsp/src/handlers_format.rs
expression: output
---

