---
source: crates/lsp/src/handlers_format.rs
expression: output2
---
0+0
1 + 1
{
	2 + 2
}
3+3
