---
source: crates/lsp/src/handlers_format.rs
expression: output2
---
1 + 1
#
2 + 2
