---
source: crates/lsp/src/handlers_format.rs
expression: output1
---
0+0
1 + 1
{
  2 + 2
}
3+3
