---
source: crates/lsp/src/handlers_format.rs
expression: output5
---
1 + 1
2+2
