---
source: crates/server/src/server/api/requests/format_range.rs
expression: output5
---
1 + 1
2+2
